// Jest Snapshot v1, https://goo.gl/fbAQLP

exports[`consularLetter is successfully remapped 1`] = `
{
  "companyDetails": {
    "addressLine1": {
      "answer": "test",
      "category": "yourDetails",
      "key": "funeralDirectorAddressLine1",
      "title": "Address line 1",
      "type": "text",
    },
    "addressLine2": {
      "answer": null,
      "category": "yourDetails",
      "key": "funeralDirectorAddressLine2",
      "title": "Address line 2",
      "type": "text",
    },
    "addressLine3": {
      "answer": null,
      "category": "yourDetails",
      "key": "funeralDirectorAddressLine3",
      "title": "Address line 3",
      "type": "text",
    },
    "companyName": {
      "answer": "test",
      "category": "yourDetails",
      "key": "funeralDirectorCompanyName",
      "title": "Company name",
      "type": "text",
    },
    "postcodeOrZipCode": {
      "answer": null,
      "category": "yourDetails",
      "key": "funeralDirectorPostcode",
      "title": "Zip or postcode",
      "type": "text",
    },
    "townOrCity": {
      "answer": "test",
      "category": "yourDetails",
      "key": "funeralDirectorTownOrCity",
      "title": "Town or city",
      "type": "text",
    },
  },
  "contactDetails": {
    "emailAddress": {
      "answer": "test@test.com",
      "category": "nextOfKinDetails",
      "key": "emailAddress",
      "title": "Email address of the next of kin",
      "type": "text",
    },
    "phoneNumber": {
      "answer": "+44 1234 567890",
      "category": "nextOfKinDetails",
      "key": "phoneNumber",
      "title": "Phone number of the next of kin",
      "type": "text",
    },
  },
  "deaceasedsPassport": {
    "answer": "https://document-upload-endpoint",
    "category": "documents",
    "key": "deaceasedsPassport",
    "title": "Passport of the next of kin",
    "type": "file",
  },
  "deceasedDateOfBirth": {
    "answer": "1998-01-19",
    "category": "deceasedsDetails",
    "key": "deceasedDateOfBirth",
    "title": "Date of birth",
    "type": "date",
  },
  "deceasedDateOfDeath": {
    "answer": "1998-01-19",
    "category": "deceasedsDetails",
    "key": "deceasedDateOfDeath",
    "title": "Date of death",
    "type": "date",
  },
  "deceasedDetails": {
    "middleName": {
      "answer": null,
      "category": "deceasedsDetails",
      "key": "deceasedMiddleName",
      "title": "Middle name",
      "type": "text",
    },
    "surname": {
      "answer": "test",
      "category": "deceasedsDetails",
      "key": "deceasedSurname",
      "title": "Surname",
      "type": "text",
    },
  },
  "deceasedFirstName": {
    "answer": "test",
    "category": "deceasedsDetails",
    "key": "deceasedFirstName",
    "title": "First name",
    "type": "text",
  },
  "deceasedPassport": {
    "answer": "https://document-upload-endpoint",
    "category": "documents",
    "key": "deceasedPassport",
    "title": "UK passport of person who died",
    "type": "file",
  },
  "deceasedPassportNumber": {
    "answer": "123456780",
    "category": "deceasedsDetails",
    "key": "deceasedPassportNumber",
    "title": "Passport number",
    "type": "text",
  },
  "deceasedPlaceOfDeath": {
    "answer": "Phuket Province",
    "category": "deceasedsDetails",
    "key": "deceasedPlaceOfDeath",
    "title": "Province",
    "type": "list",
  },
  "deceasedProofOfDeath": {
    "answer": "https://document-upload-endpoint",
    "category": "documents",
    "key": "deceasedProofOfDeath",
    "title": "Proof of death",
    "type": "file",
  },
  "deliveryAddress": {
    "addressLine1": {
      "answer": "test",
      "category": "delivery",
      "key": "addressLine1",
      "title": "Address line 1",
      "type": "text",
    },
    "addressLine2": {
      "answer": null,
      "category": "delivery",
      "key": "addressLine2",
      "title": "Address line 2",
      "type": "text",
    },
    "addressLine3": {
      "answer": null,
      "category": "delivery",
      "key": "addressLine3",
      "title": "Address line 3",
      "type": "text",
    },
    "postcodeOrZipCode": {
      "answer": "test",
      "category": "delivery",
      "key": "postcode",
      "title": "ZIP or Postcode",
      "type": "text",
    },
    "townOrCity": {
      "answer": "test",
      "category": "delivery",
      "key": "townOrCity",
      "title": "Town or city",
      "type": "text",
    },
  },
  "feedbackConsent": {
    "feedbackConsent": {
      "answer": false,
      "category": "feedback",
      "key": "feedbackConsent",
      "title": "Can our partner contact you for feedback to help improve this service?",
      "type": "list",
    },
  },
  "hasDeceasedsPassport": {
    "answer": true,
    "category": "documents",
    "key": "hasDeceasedsPassport",
    "title": "Passport of person who died",
    "type": "list",
  },
  "information": {
    "applicantIsNextOfKin": {
      "answer": false,
      "category": "checkBeforeYouStart",
      "key": "nextOfKin",
      "title": "Next of kin",
      "type": "list",
    },
  },
  "isAppointedByNok": {
    "answer": true,
    "category": "checkBeforeYouStart",
    "key": "isAppointedByNok",
    "title": "Applicant is funeral director",
    "type": "list",
  },
  "letterChoice": {
    "answer": "Post",
    "category": "delivery",
    "key": "letterChoice",
    "title": "How to receive consular letter",
    "type": "list",
  },
  "nokDetails": {
    "applicantsRelationshipToDeceased": {
      "answer": "Other",
      "category": "nextOfKinDetails",
      "key": "relationshipToDeceased",
      "title": "Relationship of next of kin",
      "type": "list",
    },
    "applicantsRelationshipToDeceasedIfOther": {
      "answer": "test",
      "category": "nextOfKinDetails",
      "key": "relationshipToDeceasedOther",
      "title": "Relationship to deceased if other",
      "type": "text",
    },
    "firstName": {
      "answer": "test",
      "category": "nextOfKinDetails",
      "key": "firstName",
      "title": "First name",
      "type": "text",
    },
    "middleName": {
      "answer": null,
      "category": "nextOfKinDetails",
      "key": "middleName",
      "title": "Middle name",
      "type": "text",
    },
    "surname": {
      "answer": "tes",
      "category": "nextOfKinDetails",
      "key": "surname",
      "title": "Surname",
      "type": "text",
    },
  },
  "proofOfRelationship": {
    "answer": "https://document-upload-endpoint",
    "category": "documents",
    "key": "proofOfRelationship",
    "title": "Proof of relationship of next of kin",
    "type": "file",
  },
  "travelPassportNo": {
    "answer": "1234567899",
    "category": "nextOfKinDetails",
    "key": "travelPassportNo",
    "title": "Passport number of the next of kin",
    "type": "text",
  },
  "writtenAuthorisation": {
    "answer": "https://document-upload-endpoint",
    "category": "documents",
    "key": "writtenAuthorisation",
    "title": "Written authorisation",
    "type": "file",
  },
}
`;
