// Jest Snapshot v1, https://goo.gl/fbAQLP

exports[`certifyCopy is successfully remapped 1`] = `
{
  "Applicant's birth details": {
    "countryOfBirth": {
      "answer": "United Kingdom",
      "category": "applicantDetails",
      "key": "countryOfBirth",
      "title": "Country of birth",
      "type": "list",
    },
    "dateOfBirth": {
      "answer": "1998-01-19",
      "category": "applicantDetails",
      "key": "dateOfBirth",
      "title": "Date of birth",
      "type": "date",
    },
    "placeOfBirth": {
      "answer": "test",
      "category": "applicantDetails",
      "key": "placeOfBirth",
      "title": "Place of birth ",
      "type": "text",
    },
  },
  "Applicant's details": {
    "firstName": {
      "answer": "test",
      "category": "applicantDetails",
      "key": "firstName",
      "title": "First name",
      "type": "text",
    },
    "middleName": {
      "answer": null,
      "category": "applicantDetails",
      "key": "middleName",
      "title": "Middle name",
      "type": "text",
    },
    "sex": {
      "answer": "Male",
      "category": "applicantDetails",
      "key": "sex",
      "title": "Male or female",
      "type": "list",
    },
    "surname": {
      "answer": "test",
      "category": "applicantDetails",
      "key": "surname",
      "title": "Surname",
      "type": "text",
    },
  },
  "Applicant's passport": {
    "answer": "https://document-upload-endpoint",
    "category": "documents",
    "dateOfIssue": {
      "answer": "1998-01-19",
      "category": "applicantDetails",
      "key": "passportDateOfIssue",
      "title": "Date of issue of passport",
      "type": "date",
    },
    "key": "applicantPassport",
    "number": {
      "answer": "12345678890",
      "category": "applicantDetails",
      "key": "passportNumber",
      "title": "Passport number",
      "type": "text",
    },
    "title": "Upload your UK passport",
    "type": "file",
  },
  "Child's birth details": undefined,
  "Child's details": undefined,
  "Child's passport details": undefined,
  "Contact details": {
    "emailAddress": {
      "answer": "luke@cautionyourblast.com",
      "category": "contact",
      "key": "emailAddress",
      "title": "Confirm email address",
      "type": "text",
    },
    "phoneNumber": {
      "answer": "+44 1234 567809",
      "category": "contact",
      "key": "phoneNumber",
      "title": "Confirm phone number",
      "type": "text",
    },
  },
  "Feedback consent": {
    "feedbackConsent": {
      "answer": false,
      "category": "feedback",
      "key": "feedbackConsent",
      "title": "Can our partner contact you for feedback to help improve this service?",
      "type": "list",
    },
  },
  "Postal address": undefined,
}
`;
